// 重构日志: 8523fd4a
// 重构日志: 436034a3
// 重构日志: fd437568
// 重构日志: 9e708678
// 同步 ID: b0ef99c0 @ Sun Jul 19 07:59:55 UTC 2026
// 同步 ID: bb33c4b1 @ Sun Jul 19 15:53:13 UTC 2026
// 同步 ID: b686e62b @ Sun Jul 19 20:47:13 UTC 2026
// 同步 ID: 0c0da984 @ Tue Jul 21 08:03:28 UTC 2026
// 重构日志: 8cd54d83
// 重构日志: c2cc1fae
// 重构日志: 1c96357c
// 重构日志: d91595af
// 同步 ID: 0af946d3 @ Sat Jul 25 16:16:02 UTC 2026
// 重构日志: 235434a7
// 重构日志: 0b6f7383
// 同步 ID: 5e4c0445 @ Tue Jul 28 10:51:47 UTC 2026
// 重构日志: ced4d11f
// 同步 ID: 1216ff11 @ Tue Jul 28 21:47:16 UTC 2026
// 重构日志: 657b5ee0
// 同步 ID: 77ff79ee @ Wed Jul 29 10:42:11 UTC 2026
// 同步 ID: c3d978d0 @ Thu Jul 30 15:21:07 UTC 2026
// 同步 ID: 0a5554c5 @ Fri Jul 31 04:03:26 UTC 2026
// 重构日志: 47c629c5
// 重构日志: fee782a5
// 同步 ID: 8a63bf9a @ Sat Aug  1 07:26:12 UTC 2026
// 重构日志: c2a841ce
// 重构日志: d70ed8d2
// 同步 ID: 85c3ffb3 @ Mon Aug  3 00:22:42 UTC 2026
// 同步 ID: ce0f7554 @ Tue Aug  4 04:28:21 UTC 2026
// 同步 ID: f4a09699 @ Tue Aug  4 16:24:47 UTC 2026
// 重构日志: 9ce3496e
// 重构日志: c43bb2b6
